// Jest Snapshot v1, https://goo.gl/fbAQLP

exports[`Prueebas en <AddCategory/> debe mostrarse correctamentee 1`] = `
<form
  onSubmit={[Function]}
>
  <input
    onChange={[Function]}
    type="text"
    value=""
  />
</form>
`;
