// Jest Snapshot v1, https://goo.gl/fbAQLP

exports[`Pruebas con GifGridItem() debe mostrar <GifGridItem/> correctamente 1`] = `
<div
  className="card animate__animated animate__fadeIn"
>
  <img
    alt="Titulo"
    src="https://urlmock"
  />
  <p>
     
    Titulo
  </p>
</div>
`;
